Traceback (most recent call last):
  File "<frozen runpy>", line 198, in _run_module_as_main
  File "<frozen runpy>", line 88, in _run_code
  File "C:\Users\hp\AppData\Local\Programs\Python\Python311\Lib\site-packages\uvicorn\__main__.py", line 4, in <module>
    uvicorn.main()
  File "C:\Users\hp\AppData\Local\Programs\Python\Python311\Lib\site-packages\click\core.py", line 1485, in __call__
    return self.main(*args, **kwargs)
           ^^^^^^^^^^^^^^^^^^^^^^^^^^
  File "C:\Users\hp\AppData\Local\Programs\Python\Python311\Lib\site-packages\click\core.py", line 1406, in main
    rv = self.invoke(ctx)
         ^^^^^^^^^^^^^^^^
  File "C:\Users\hp\AppData\Local\Programs\Python\Python311\Lib\site-packages\click\core.py", line 1269, in invoke
    return ctx.invoke(self.callback, **ctx.params)
           ^^^^^^^^^^^^^^^^^^^^^^^^^^^^^^^^^^^^^^^
  File "C:\Users\hp\AppData\Local\Programs\Python\Python311\Lib\site-packages\click\core.py", line 824, in invoke
    return callback(*args, **kwargs)
           ^^^^^^^^^^^^^^^^^^^^^^^^^
  File "C:\Users\hp\AppData\Local\Programs\Python\Python311\Lib\site-packages\uvicorn\main.py", line 412, in main
    run(
  File "C:\Users\hp\AppData\Local\Programs\Python\Python311\Lib\site-packages\uvicorn\main.py", line 579, in run
    server.run()
  File "C:\Users\hp\AppData\Local\Programs\Python\Python311\Lib\site-packages\uvicorn\server.py", line 66, in run
    return asyncio.run(self.serve(sockets=sockets))
           ^^^^^^^^^^^^^^^^^^^^^^^^^^^^^^^^^^^^^^^^
  File "C:\Users\hp\AppData\Local\Programs\Python\Python311\Lib\asyncio\runners.py", line 190, in run
    return runner.run(main)
           ^^^^^^^^^^^^^^^^
  File "C:\Users\hp\AppData\Local\Programs\Python\Python311\Lib\asyncio\runners.py", line 118, in run
    return self._loop.run_until_complete(task)
           ^^^^^^^^^^^^^^^^^^^^^^^^^^^^^^^^^^^
  File "C:\Users\hp\AppData\Local\Programs\Python\Python311\Lib\asyncio\base_events.py", line 650, in run_until_complete
    return future.result()
           ^^^^^^^^^^^^^^^
  File "C:\Users\hp\AppData\Local\Programs\Python\Python311\Lib\site-packages\uvicorn\server.py", line 70, in serve
    await self._serve(sockets)
  File "C:\Users\hp\AppData\Local\Programs\Python\Python311\Lib\site-packages\uvicorn\server.py", line 77, in _serve
    config.load()
  File "C:\Users\hp\AppData\Local\Programs\Python\Python311\Lib\site-packages\uvicorn\config.py", line 435, in load
    self.loaded_app = import_from_string(self.app)
                      ^^^^^^^^^^^^^^^^^^^^^^^^^^^^
  File "C:\Users\hp\AppData\Local\Programs\Python\Python311\Lib\site-packages\uvicorn\importer.py", line 19, in import_from_string
    module = importlib.import_module(module_str)
             ^^^^^^^^^^^^^^^^^^^^^^^^^^^^^^^^^^^
  File "C:\Users\hp\AppData\Local\Programs\Python\Python311\Lib\importlib\__init__.py", line 126, in import_module
    return _bootstrap._gcd_import(name[level:], package, level)
           ^^^^^^^^^^^^^^^^^^^^^^^^^^^^^^^^^^^^^^^^^^^^^^^^^^^^
  File "<frozen importlib._bootstrap>", line 1206, in _gcd_import
  File "<frozen importlib._bootstrap>", line 1178, in _find_and_load
  File "<frozen importlib._bootstrap>", line 1149, in _find_and_load_unlocked
  File "<frozen importlib._bootstrap>", line 690, in _load_unlocked
  File "<frozen importlib._bootstrap_external>", line 940, in exec_module
  File "<frozen importlib._bootstrap>", line 241, in _call_with_frames_removed
  File "E:\Projects\SIH\backend\main.py", line 5, in <module>
    from fastapi import FastAPI
  File "C:\Users\hp\AppData\Local\Programs\Python\Python311\Lib\site-packages\fastapi\__init__.py", line 7, in <module>
    from .applications import FastAPI as FastAPI
  File "C:\Users\hp\AppData\Local\Programs\Python\Python311\Lib\site-packages\fastapi\applications.py", line 16, in <module>
    from fastapi import routing
  File "C:\Users\hp\AppData\Local\Programs\Python\Python311\Lib\site-packages\fastapi\routing.py", line 24, in <module>
    from fastapi import params
  File "C:\Users\hp\AppData\Local\Programs\Python\Python311\Lib\site-packages\fastapi\params.py", line 5, in <module>
    from fastapi.openapi.models import Example
  File "C:\Users\hp\AppData\Local\Programs\Python\Python311\Lib\site-packages\fastapi\openapi\models.py", line 4, in <module>
    from fastapi._compat import (
  File "C:\Users\hp\AppData\Local\Programs\Python\Python311\Lib\site-packages\fastapi\_compat.py", line 21, in <module>
    from fastapi.exceptions import RequestErrorModel
  File "C:\Users\hp\AppData\Local\Programs\Python\Python311\Lib\site-packages\fastapi\exceptions.py", line 3, in <module>
    from pydantic import BaseModel, create_model
  File "C:\Users\hp\AppData\Local\Programs\Python\Python311\Lib\site-packages\pydantic\__init__.py", line 421, in __getattr__
    module = import_module(module_name, package=package)
             ^^^^^^^^^^^^^^^^^^^^^^^^^^^^^^^^^^^^^^^^^^^
  File "C:\Users\hp\AppData\Local\Programs\Python\Python311\Lib\importlib\__init__.py", line 126, in import_module
    return _bootstrap._gcd_import(name[level:], package, level)
           ^^^^^^^^^^^^^^^^^^^^^^^^^^^^^^^^^^^^^^^^^^^^^^^^^^^^
  File "C:\Users\hp\AppData\Local\Programs\Python\Python311\Lib\site-packages\pydantic\main.py", line 34, in <module>
    from ._internal import (
  File "C:\Users\hp\AppData\Local\Programs\Python\Python311\Lib\site-packages\pydantic\_internal\_decorators.py", line 16, in <module>
    from ._core_utils import get_type_ref
  File "C:\Users\hp\AppData\Local\Programs\Python\Python311\Lib\site-packages\pydantic\_internal\_core_utils.py", line 8, in <module>
    from pydantic_core import validate_core_schema as _validate_core_schema
ImportError: cannot import name 'validate_core_schema' from 'pydantic_core' (C:\Users\hp\AppData\Local\Programs\Python\Python311\Lib\site-packages\pydantic_core\__init__.py)
